error: Attribute `force_align` should have an integer argument
  ┌─ test/files/invalid/bad_attributes_struct.fbs:2:3
  │
2 │   force_align, force_align: 1, force_align: "", force_align: [],
  │   ^^^^^^^^^^^^

error: Attribute `force_align` should have an integer argument
  ┌─ test/files/invalid/bad_attributes_struct.fbs:2:45
  │
2 │   force_align, force_align: 1, force_align: "", force_align: [],
  │                                             ^^

error: Attribute `force_align` should have an integer argument
  ┌─ test/files/invalid/bad_attributes_struct.fbs:2:62
  │
2 │   force_align, force_align: 1, force_align: "", force_align: [],
  │                                                              ^^

error: Attribute `bit_flags` should not have an argument
  ┌─ test/files/invalid/bad_attributes_struct.fbs:3:25
  │
3 │   bit_flags, bit_flags: 1, bit_flags: "", bit_flags: [],
  │                         ^

error: Attribute `bit_flags` should not have an argument
  ┌─ test/files/invalid/bad_attributes_struct.fbs:3:39
  │
3 │   bit_flags, bit_flags: 1, bit_flags: "", bit_flags: [],
  │                                       ^^

error: Attribute `bit_flags` should not have an argument
  ┌─ test/files/invalid/bad_attributes_struct.fbs:3:54
  │
3 │   bit_flags, bit_flags: 1, bit_flags: "", bit_flags: [],
  │                                                      ^^

error: Attribute `csharp_partial` should not have an argument
  ┌─ test/files/invalid/bad_attributes_struct.fbs:4:35
  │
4 │   csharp_partial, csharp_partial: 1, csharp_partial: "", csharp_partial: [],
  │                                   ^

error: Attribute `csharp_partial` should not have an argument
  ┌─ test/files/invalid/bad_attributes_struct.fbs:4:54
  │
4 │   csharp_partial, csharp_partial: 1, csharp_partial: "", csharp_partial: [],
  │                                                      ^^

error: Attribute `csharp_partial` should not have an argument
  ┌─ test/files/invalid/bad_attributes_struct.fbs:4:74
  │
4 │   csharp_partial, csharp_partial: 1, csharp_partial: "", csharp_partial: [],
  │                                                                          ^^

error: Attribute `private` should not have an argument
  ┌─ test/files/invalid/bad_attributes_struct.fbs:5:21
  │
5 │   private, private: 1, private: "", private: [],
  │                     ^

error: Attribute `private` should not have an argument
  ┌─ test/files/invalid/bad_attributes_struct.fbs:5:33
  │
5 │   private, private: 1, private: "", private: [],
  │                                 ^^

error: Attribute `private` should not have an argument
  ┌─ test/files/invalid/bad_attributes_struct.fbs:5:46
  │
5 │   private, private: 1, private: "", private: [],
  │                                              ^^

error: Attribute `native_type` should have a string argument
  ┌─ test/files/invalid/bad_attributes_struct.fbs:6:3
  │
6 │   native_type, native_type: 1, native_type: "", native_type: [],
  │   ^^^^^^^^^^^^

error: Attribute `native_type` should have a string argument
  ┌─ test/files/invalid/bad_attributes_struct.fbs:6:29
  │
6 │   native_type, native_type: 1, native_type: "", native_type: [],
  │                             ^

error: Attribute `native_type` should have a string argument
  ┌─ test/files/invalid/bad_attributes_struct.fbs:6:62
  │
6 │   native_type, native_type: 1, native_type: "", native_type: [],
  │                                                              ^^

error: Attribute `native_type_pack_name` should have a string argument
  ┌─ test/files/invalid/bad_attributes_struct.fbs:7:3
  │
7 │   native_type_pack_name, native_type_pack_name: 1, native_type_pack_name: "", native_type_pack_name: [],
  │   ^^^^^^^^^^^^^^^^^^^^^^

error: Attribute `native_type_pack_name` should have a string argument
  ┌─ test/files/invalid/bad_attributes_struct.fbs:7:49
  │
7 │   native_type_pack_name, native_type_pack_name: 1, native_type_pack_name: "", native_type_pack_name: [],
  │                                                 ^

error: Attribute `native_type_pack_name` should have a string argument
  ┌─ test/files/invalid/bad_attributes_struct.fbs:7:102
  │
7 │   native_type_pack_name, native_type_pack_name: 1, native_type_pack_name: "", native_type_pack_name: [],
  │                                                                                                      ^^

error: Attribute `original_order` should not have an argument
  ┌─ test/files/invalid/bad_attributes_struct.fbs:8:35
  │
8 │   original_order, original_order: 1, original_order: "", original_order: [],
  │                                   ^

error: Attribute `original_order` should not have an argument
  ┌─ test/files/invalid/bad_attributes_struct.fbs:8:54
  │
8 │   original_order, original_order: 1, original_order: "", original_order: [],
  │                                                      ^^

error: Attribute `original_order` should not have an argument
  ┌─ test/files/invalid/bad_attributes_struct.fbs:8:74
  │
8 │   original_order, original_order: 1, original_order: "", original_order: [],
  │                                                                          ^^

error: Attribute `required` should not have an argument
  ┌─ test/files/invalid/bad_attributes_struct.fbs:9:23
  │
9 │   required, required: 1, required: "", required: [],
  │                       ^

error: Attribute `required` should not have an argument
  ┌─ test/files/invalid/bad_attributes_struct.fbs:9:36
  │
9 │   required, required: 1, required: "", required: [],
  │                                    ^^

error: Attribute `required` should not have an argument
  ┌─ test/files/invalid/bad_attributes_struct.fbs:9:50
  │
9 │   required, required: 1, required: "", required: [],
  │                                                  ^^

error: Attribute `deprecated` should not have an argument
   ┌─ test/files/invalid/bad_attributes_struct.fbs:10:27
   │
10 │   deprecated, deprecated: 1, deprecated: "", deprecated: [],
   │                           ^

error: Attribute `deprecated` should not have an argument
   ┌─ test/files/invalid/bad_attributes_struct.fbs:10:42
   │
10 │   deprecated, deprecated: 1, deprecated: "", deprecated: [],
   │                                          ^^

error: Attribute `deprecated` should not have an argument
   ┌─ test/files/invalid/bad_attributes_struct.fbs:10:58
   │
10 │   deprecated, deprecated: 1, deprecated: "", deprecated: [],
   │                                                          ^^

error: Attribute `key` should not have an argument
   ┌─ test/files/invalid/bad_attributes_struct.fbs:11:13
   │
11 │   key, key: 1, key: "", key: [],
   │             ^

error: Attribute `key` should not have an argument
   ┌─ test/files/invalid/bad_attributes_struct.fbs:11:21
   │
11 │   key, key: 1, key: "", key: [],
   │                     ^^

error: Attribute `key` should not have an argument
   ┌─ test/files/invalid/bad_attributes_struct.fbs:11:30
   │
11 │   key, key: 1, key: "", key: [],
   │                              ^^

error: Attribute `shared` should not have an argument
   ┌─ test/files/invalid/bad_attributes_struct.fbs:12:19
   │
12 │   shared, shared: 1, shared: "", shared: [],
   │                   ^

error: Attribute `shared` should not have an argument
   ┌─ test/files/invalid/bad_attributes_struct.fbs:12:30
   │
12 │   shared, shared: 1, shared: "", shared: [],
   │                              ^^

error: Attribute `shared` should not have an argument
   ┌─ test/files/invalid/bad_attributes_struct.fbs:12:42
   │
12 │   shared, shared: 1, shared: "", shared: [],
   │                                          ^^

error: Attribute `nested_flatbuffer` should have a string argument
   ┌─ test/files/invalid/bad_attributes_struct.fbs:13:3
   │
13 │   nested_flatbuffer, nested_flatbuffer: 1, nested_flatbuffer: "", nested_flatbuffer: [],
   │   ^^^^^^^^^^^^^^^^^^

error: Attribute `nested_flatbuffer` should have a string argument
   ┌─ test/files/invalid/bad_attributes_struct.fbs:13:41
   │
13 │   nested_flatbuffer, nested_flatbuffer: 1, nested_flatbuffer: "", nested_flatbuffer: [],
   │                                         ^

error: Attribute `nested_flatbuffer` should have a string argument
   ┌─ test/files/invalid/bad_attributes_struct.fbs:13:86
   │
13 │   nested_flatbuffer, nested_flatbuffer: 1, nested_flatbuffer: "", nested_flatbuffer: [],
   │                                                                                      ^^

error: Attribute `id` should have an integer argument
   ┌─ test/files/invalid/bad_attributes_struct.fbs:14:3
   │
14 │   id, id: 1, id: "", id: [],
   │   ^^^

error: Attribute `id` should have an integer argument
   ┌─ test/files/invalid/bad_attributes_struct.fbs:14:18
   │
14 │   id, id: 1, id: "", id: [],
   │                  ^^

error: Attribute `id` should have an integer argument
   ┌─ test/files/invalid/bad_attributes_struct.fbs:14:26
   │
14 │   id, id: 1, id: "", id: [],
   │                          ^^

error: Attribute `hash` should have a string argument
   ┌─ test/files/invalid/bad_attributes_struct.fbs:15:3
   │
15 │   hash, hash: 1, hash: "", hash: [],
   │   ^^^^^

error: Attribute `hash` should have a string argument
   ┌─ test/files/invalid/bad_attributes_struct.fbs:15:15
   │
15 │   hash, hash: 1, hash: "", hash: [],
   │               ^

error: Attribute `hash` should have a string argument
   ┌─ test/files/invalid/bad_attributes_struct.fbs:15:34
   │
15 │   hash, hash: 1, hash: "", hash: [],
   │                                  ^^

error: Attribute `cpp_type` should have a string argument
   ┌─ test/files/invalid/bad_attributes_struct.fbs:16:3
   │
16 │   cpp_type, cpp_type: 1, cpp_type: "", cpp_type: [],
   │   ^^^^^^^^^

error: Attribute `cpp_type` should have a string argument
   ┌─ test/files/invalid/bad_attributes_struct.fbs:16:23
   │
16 │   cpp_type, cpp_type: 1, cpp_type: "", cpp_type: [],
   │                       ^

error: Attribute `cpp_type` should have a string argument
   ┌─ test/files/invalid/bad_attributes_struct.fbs:16:50
   │
16 │   cpp_type, cpp_type: 1, cpp_type: "", cpp_type: [],
   │                                                  ^^

error: Attribute `cpp_ptr_type` should have a string argument
   ┌─ test/files/invalid/bad_attributes_struct.fbs:17:3
   │
17 │   cpp_ptr_type, cpp_ptr_type: 1, cpp_ptr_type: "", cpp_ptr_type: [],
   │   ^^^^^^^^^^^^^

error: Attribute `cpp_ptr_type` should have a string argument
   ┌─ test/files/invalid/bad_attributes_struct.fbs:17:31
   │
17 │   cpp_ptr_type, cpp_ptr_type: 1, cpp_ptr_type: "", cpp_ptr_type: [],
   │                               ^

error: Attribute `cpp_ptr_type` should have a string argument
   ┌─ test/files/invalid/bad_attributes_struct.fbs:17:66
   │
17 │   cpp_ptr_type, cpp_ptr_type: 1, cpp_ptr_type: "", cpp_ptr_type: [],
   │                                                                  ^^

error: Attribute `cpp_ptr_type_get` should have a string argument
   ┌─ test/files/invalid/bad_attributes_struct.fbs:18:3
   │
18 │   cpp_ptr_type_get, cpp_ptr_type_get: 1, cpp_ptr_type_get: "", cpp_ptr_type_get: [],
   │   ^^^^^^^^^^^^^^^^^

error: Attribute `cpp_ptr_type_get` should have a string argument
   ┌─ test/files/invalid/bad_attributes_struct.fbs:18:39
   │
18 │   cpp_ptr_type_get, cpp_ptr_type_get: 1, cpp_ptr_type_get: "", cpp_ptr_type_get: [],
   │                                       ^

error: Attribute `cpp_ptr_type_get` should have a string argument
   ┌─ test/files/invalid/bad_attributes_struct.fbs:18:82
   │
18 │   cpp_ptr_type_get, cpp_ptr_type_get: 1, cpp_ptr_type_get: "", cpp_ptr_type_get: [],
   │                                                                                  ^^

error: Attribute `cpp_str_type` should have a string argument
   ┌─ test/files/invalid/bad_attributes_struct.fbs:19:3
   │
19 │   cpp_str_type, cpp_str_type: 1, cpp_str_type: "", cpp_str_type: [],
   │   ^^^^^^^^^^^^^

error: Attribute `cpp_str_type` should have a string argument
   ┌─ test/files/invalid/bad_attributes_struct.fbs:19:31
   │
19 │   cpp_str_type, cpp_str_type: 1, cpp_str_type: "", cpp_str_type: [],
   │                               ^

error: Attribute `cpp_str_type` should have a string argument
   ┌─ test/files/invalid/bad_attributes_struct.fbs:19:66
   │
19 │   cpp_str_type, cpp_str_type: 1, cpp_str_type: "", cpp_str_type: [],
   │                                                                  ^^

error: Attribute `cpp_str_flex_ctor` should not have an argument
   ┌─ test/files/invalid/bad_attributes_struct.fbs:20:41
   │
20 │   cpp_str_flex_ctor, cpp_str_flex_ctor: 1, cpp_str_flex_ctor: "", cpp_str_flex_ctor: [],
   │                                         ^

error: Attribute `cpp_str_flex_ctor` should not have an argument
   ┌─ test/files/invalid/bad_attributes_struct.fbs:20:63
   │
20 │   cpp_str_flex_ctor, cpp_str_flex_ctor: 1, cpp_str_flex_ctor: "", cpp_str_flex_ctor: [],
   │                                                               ^^

error: Attribute `cpp_str_flex_ctor` should not have an argument
   ┌─ test/files/invalid/bad_attributes_struct.fbs:20:86
   │
20 │   cpp_str_flex_ctor, cpp_str_flex_ctor: 1, cpp_str_flex_ctor: "", cpp_str_flex_ctor: [],
   │                                                                                      ^^

error: Attribute `native_inline` should not have an argument
   ┌─ test/files/invalid/bad_attributes_struct.fbs:21:33
   │
21 │   native_inline, native_inline: 1, native_inline: "", native_inline: [],
   │                                 ^

error: Attribute `native_inline` should not have an argument
   ┌─ test/files/invalid/bad_attributes_struct.fbs:21:51
   │
21 │   native_inline, native_inline: 1, native_inline: "", native_inline: [],
   │                                                   ^^

error: Attribute `native_inline` should not have an argument
   ┌─ test/files/invalid/bad_attributes_struct.fbs:21:70
   │
21 │   native_inline, native_inline: 1, native_inline: "", native_inline: [],
   │                                                                      ^^

error: Attribute `native_default` should have a string argument
   ┌─ test/files/invalid/bad_attributes_struct.fbs:22:3
   │
22 │   native_default, native_default: 1, native_default: "", native_default: [],
   │   ^^^^^^^^^^^^^^^

error: Attribute `native_default` should have a string argument
   ┌─ test/files/invalid/bad_attributes_struct.fbs:22:35
   │
22 │   native_default, native_default: 1, native_default: "", native_default: [],
   │                                   ^

error: Attribute `native_default` should have a string argument
   ┌─ test/files/invalid/bad_attributes_struct.fbs:22:74
   │
22 │   native_default, native_default: 1, native_default: "", native_default: [],
   │                                                                          ^^

error: Attribute `flexbuffer` should not have an argument
   ┌─ test/files/invalid/bad_attributes_struct.fbs:23:27
   │
23 │   flexbuffer, flexbuffer: 1, flexbuffer: "", flexbuffer: [],
   │                           ^

error: Attribute `flexbuffer` should not have an argument
   ┌─ test/files/invalid/bad_attributes_struct.fbs:23:42
   │
23 │   flexbuffer, flexbuffer: 1, flexbuffer: "", flexbuffer: [],
   │                                          ^^

error: Attribute `flexbuffer` should not have an argument
   ┌─ test/files/invalid/bad_attributes_struct.fbs:23:58
   │
23 │   flexbuffer, flexbuffer: 1, flexbuffer: "", flexbuffer: [],
   │                                                          ^^

error: Attribute `streaming` should have a string argument
   ┌─ test/files/invalid/bad_attributes_struct.fbs:24:3
   │
24 │   streaming, streaming: 1, streaming: "", streaming: [],
   │   ^^^^^^^^^^

error: Attribute `streaming` should have a string argument
   ┌─ test/files/invalid/bad_attributes_struct.fbs:24:25
   │
24 │   streaming, streaming: 1, streaming: "", streaming: [],
   │                         ^

error: Attribute `streaming` should have a string argument
   ┌─ test/files/invalid/bad_attributes_struct.fbs:24:54
   │
24 │   streaming, streaming: 1, streaming: "", streaming: [],
   │                                                      ^^

error: Attribute `idempotent` should not have an argument
   ┌─ test/files/invalid/bad_attributes_struct.fbs:25:27
   │
25 │   idempotent, idempotent: 1, idempotent: "", idempotent: [],
   │                           ^

error: Attribute `idempotent` should not have an argument
   ┌─ test/files/invalid/bad_attributes_struct.fbs:25:42
   │
25 │   idempotent, idempotent: 1, idempotent: "", idempotent: [],
   │                                          ^^

error: Attribute `idempotent` should not have an argument
   ┌─ test/files/invalid/bad_attributes_struct.fbs:25:58
   │
25 │   idempotent, idempotent: 1, idempotent: "", idempotent: [],
   │                                                          ^^

error: Unknown attribute `blabla`
   ┌─ test/files/invalid/bad_attributes_struct.fbs:26:3
   │
26 │   blabla, blabla: 1, blabla: "", blabla: [],
   │   ^^^^^^

error: Unknown attribute `blabla`
   ┌─ test/files/invalid/bad_attributes_struct.fbs:26:11
   │
26 │   blabla, blabla: 1, blabla: "", blabla: [],
   │           ^^^^^^

error: Unknown attribute `blabla`
   ┌─ test/files/invalid/bad_attributes_struct.fbs:26:22
   │
26 │   blabla, blabla: 1, blabla: "", blabla: [],
   │                      ^^^^^^

error: Unknown attribute `blabla`
   ┌─ test/files/invalid/bad_attributes_struct.fbs:26:34
   │
26 │   blabla, blabla: 1, blabla: "", blabla: [],
   │                                  ^^^^^^

error: Metadata attribute does not make sense on structs (but is additionally not supported in planus)
  ┌─ test/files/invalid/bad_attributes_struct.fbs:3:3
  │
3 │   bit_flags, bit_flags: 1, bit_flags: "", bit_flags: [],
  │   ^^^^^^^^^^

error: Metadata attribute is not currently supported
  ┌─ test/files/invalid/bad_attributes_struct.fbs:4:3
  │
4 │   csharp_partial, csharp_partial: 1, csharp_partial: "", csharp_partial: [],
  │   ^^^^^^^^^^^^^^^

error: Metadata attribute is not currently supported
  ┌─ test/files/invalid/bad_attributes_struct.fbs:5:3
  │
5 │   private, private: 1, private: "", private: [],
  │   ^^^^^^^^

error: Metadata attribute is not currently supported
  ┌─ test/files/invalid/bad_attributes_struct.fbs:6:32
  │
6 │   native_type, native_type: 1, native_type: "", native_type: [],
  │                                ^^^^^^^^^^^^^^^^

error: Metadata attribute is not currently supported
  ┌─ test/files/invalid/bad_attributes_struct.fbs:7:52
  │
7 │   native_type_pack_name, native_type_pack_name: 1, native_type_pack_name: "", native_type_pack_name: [],
  │                                                    ^^^^^^^^^^^^^^^^^^^^^^^^^^

error: Metadata attribute does not make sense on structs (but is additionally not supported in planus)
  ┌─ test/files/invalid/bad_attributes_struct.fbs:8:3
  │
8 │   original_order, original_order: 1, original_order: "", original_order: [],
  │   ^^^^^^^^^^^^^^^

error: Metadata attribute does not make sense on structs
  ┌─ test/files/invalid/bad_attributes_struct.fbs:9:3
  │
9 │   required, required: 1, required: "", required: [],
  │   ^^^^^^^^^

error: Metadata attribute does not make sense on structs
   ┌─ test/files/invalid/bad_attributes_struct.fbs:10:3
   │
10 │   deprecated, deprecated: 1, deprecated: "", deprecated: [],
   │   ^^^^^^^^^^^

error: Metadata attribute does not make sense on structs (but is additionally not supported in planus)
   ┌─ test/files/invalid/bad_attributes_struct.fbs:11:3
   │
11 │   key, key: 1, key: "", key: [],
   │   ^^^^

error: Metadata attribute does not make sense on structs (but is additionally not supported in planus)
   ┌─ test/files/invalid/bad_attributes_struct.fbs:12:3
   │
12 │   shared, shared: 1, shared: "", shared: [],
   │   ^^^^^^^

error: Metadata attribute does not make sense on structs (but is additionally not supported in planus)
   ┌─ test/files/invalid/bad_attributes_struct.fbs:13:44
   │
13 │   nested_flatbuffer, nested_flatbuffer: 1, nested_flatbuffer: "", nested_flatbuffer: [],
   │                                            ^^^^^^^^^^^^^^^^^^^^^^

error: Metadata attribute does not make sense on structs
   ┌─ test/files/invalid/bad_attributes_struct.fbs:14:7
   │
14 │   id, id: 1, id: "", id: [],
   │       ^^^^^^

error: Metadata attribute does not make sense on structs (but is additionally not supported in planus)
   ┌─ test/files/invalid/bad_attributes_struct.fbs:15:18
   │
15 │   hash, hash: 1, hash: "", hash: [],
   │                  ^^^^^^^^^

error: Metadata attribute does not make sense on structs (but is additionally not supported in planus)
   ┌─ test/files/invalid/bad_attributes_struct.fbs:16:26
   │
16 │   cpp_type, cpp_type: 1, cpp_type: "", cpp_type: [],
   │                          ^^^^^^^^^^^^^

error: Metadata attribute does not make sense on structs (but is additionally not supported in planus)
   ┌─ test/files/invalid/bad_attributes_struct.fbs:17:34
   │
17 │   cpp_ptr_type, cpp_ptr_type: 1, cpp_ptr_type: "", cpp_ptr_type: [],
   │                                  ^^^^^^^^^^^^^^^^^

error: Metadata attribute does not make sense on structs (but is additionally not supported in planus)
   ┌─ test/files/invalid/bad_attributes_struct.fbs:18:42
   │
18 │   cpp_ptr_type_get, cpp_ptr_type_get: 1, cpp_ptr_type_get: "", cpp_ptr_type_get: [],
   │                                          ^^^^^^^^^^^^^^^^^^^^^

error: Metadata attribute does not make sense on structs (but is additionally not supported in planus)
   ┌─ test/files/invalid/bad_attributes_struct.fbs:19:34
   │
19 │   cpp_str_type, cpp_str_type: 1, cpp_str_type: "", cpp_str_type: [],
   │                                  ^^^^^^^^^^^^^^^^^

error: Metadata attribute does not make sense on structs (but is additionally not supported in planus)
   ┌─ test/files/invalid/bad_attributes_struct.fbs:20:3
   │
20 │   cpp_str_flex_ctor, cpp_str_flex_ctor: 1, cpp_str_flex_ctor: "", cpp_str_flex_ctor: [],
   │   ^^^^^^^^^^^^^^^^^^

error: Metadata attribute does not make sense on structs (but is additionally not supported in planus)
   ┌─ test/files/invalid/bad_attributes_struct.fbs:21:3
   │
21 │   native_inline, native_inline: 1, native_inline: "", native_inline: [],
   │   ^^^^^^^^^^^^^^

error: Metadata attribute does not make sense on structs (but is additionally not supported in planus)
   ┌─ test/files/invalid/bad_attributes_struct.fbs:22:38
   │
22 │   native_default, native_default: 1, native_default: "", native_default: [],
   │                                      ^^^^^^^^^^^^^^^^^^^

error: Metadata attribute does not make sense on structs (but is additionally not supported in planus)
   ┌─ test/files/invalid/bad_attributes_struct.fbs:23:3
   │
23 │   flexbuffer, flexbuffer: 1, flexbuffer: "", flexbuffer: [],
   │   ^^^^^^^^^^^

error: Metadata attribute does not make sense on structs (but is additionally not supported in planus)
   ┌─ test/files/invalid/bad_attributes_struct.fbs:24:28
   │
24 │   streaming, streaming: 1, streaming: "", streaming: [],
   │                            ^^^^^^^^^^^^^^

error: Metadata attribute does not make sense on structs (but is additionally not supported in planus)
   ┌─ test/files/invalid/bad_attributes_struct.fbs:25:3
   │
25 │   idempotent, idempotent: 1, idempotent: "", idempotent: [],
   │   ^^^^^^^^^^^

