error: Overlapping declarations
  ┌─ test/files/invalid/bad_include_namespace.fbs:5:1
  │
5 │ table Foo {}
  │ --------- first definition was here
  │
  ┌─ test/files/invalid/helpers/bad_include_namespace_helper.fbs:3:1
  │
3 │ table Foo {}
  │ --------- second definition was here

