error: User attributes are not supported
  ┌─ test/files/invalid/custom_attributes.fbs:1:11
  │
1 │ attribute "priority";
  │           ^^^^^^^^^^

