error: Overlapping declarations
  ┌─ test/files/invalid/defined_twice_namespace.fbs:4:1
  │
4 │ table Foo {}
  │ --------- Declaration was here
  │
  ┌─ test/files/invalid/helpers/overlapping_namespace1.fbs:1:1
  │
1 │ namespace Foo;
  │ -------------- namespace was defined here
  │
  ┌─ test/files/invalid/helpers/overlapping_namespace2.fbs:1:1
  │
1 │ namespace Foo;
  │ -------------- namespace was defined here

