error: Cannot set namespace twice
  ┌─ test/files/invalid/namespace_twice.fbs:1:1
  │
1 │ namespace A;
  │ ------------ first declaration was here
2 │ namespace B;
  │ ------------ additional declaration was here

