error: Unknown type
  ┌─ test/files/invalid/unknown_type.fbs:2:8
  │
2 │   foo: hello;
  │        ^^^^^

